{
  "name": "Chromasync",
  "base": "dark",
  "overrides": {
    "claude": "#4ECDC4",
    "claudeShimmer": "#68D8D1",
    "text": "#F5F7FA",
    "inverseText": "#081411",
    "inactive": "#B4BEC9",
    "inactiveShimmer": "#F5F7FA",
    "subtle": "#B4BEC9",
    "suggestion": "#4ECDC4",
    "permission": "#4ECDC4",
    "permissionShimmer": "#68D8D1",
    "remember": "#2FB6AE",
    "success": "#57CC99",
    "error": "#E76F51",
    "warning": "#F4A261",
    "warningShimmer": "#F4A261",
    "merged": "#2FB6AE",
    "promptBorder": "#445264",
    "promptBorderShimmer": "#4ECDC4",
    "planMode": "#7CC6FF",
    "autoAccept": "#57CC99",
    "bashBorder": "#F4A261",
    "ide": "#7CC6FF",
    "fastMode": "#4ECDC4",
    "fastModeShimmer": "#68D8D1",
    "userMessageBackground": "#161B22",
    "userMessageBackgroundHover": "#1D232C",
    "bashMessageBackgroundColor": "#161B22",
    "memoryBackgroundColor": "#161B22",
    "selectionBg": "#1F5F66",
    "rate_limit_fill": "#4ECDC4",
    "rate_limit_empty": "#2F3947",
    "briefLabelYou": "#7CC6FF",
    "briefLabelClaude": "#4ECDC4"
  }
}
