[colors]
foreground=f5f7fa
background=0f1115
selection-foreground=f5f7fa
selection-background=1f5f66
urls=7cc6ff
flash=4ecdc4
flash-text=081411
regular0=161b22
regular1=e76f51
regular2=57cc99
regular3=f4a261
regular4=7cc6ff
regular5=4ecdc4
regular6=1f5f66
regular7=b4bec9
bright0=252d38
bright1=e76f51
bright2=57cc99
bright3=f4a261
bright4=68d8d1
bright5=2fb6ae
bright6=445264
bright7=f5f7fa
