background = #0F1115
foreground = #F5F7FA
cursor-color = #4ECDC4
cursor-text = #081411
selection-background = #1F5F66
selection-foreground = #F5F7FA
palette = 0=#161B22
palette = 1=#E76F51
palette = 2=#57CC99
palette = 3=#F4A261
palette = 4=#7CC6FF
palette = 5=#4ECDC4
palette = 6=#1F5F66
palette = 7=#445264
palette = 8=#B4BEC9
palette = 9=#E76F51
palette = 10=#57CC99
palette = 11=#F4A261
palette = 12=#68D8D1
palette = 13=#2FB6AE
palette = 14=#445264
palette = 15=#F5F7FA
