background #0F1115
foreground #F5F7FA
selection_background #1F5F66
selection_foreground #F5F7FA
cursor #4ECDC4
cursor_text_color #081411
url_color #7CC6FF
active_border_color #4ECDC4
inactive_border_color #2F3947
active_tab_background #4ECDC4
active_tab_foreground #081411
inactive_tab_background #1D232C
inactive_tab_foreground #B4BEC9
color0 #161B22
color1 #E76F51
color2 #57CC99
color3 #F4A261
color4 #7CC6FF
color5 #4ECDC4
color6 #1F5F66
color7 #445264
color8 #B4BEC9
color9 #E76F51
color10 #57CC99
color11 #F4A261
color12 #68D8D1
color13 #2FB6AE
color14 #445264
color15 #F5F7FA
